[    0.000000] Linux version 4.15.0-213-generic (buildd@lcy02-amd64-079) (gcc version 7.5.0 (Ubuntu 7.5.0-3ubuntu1~18.04)) #224-Ubuntu SMP Mon Jun 19 13:30:12 UTC 2023 (Ubuntu 4.15.0-213.224-generic 4.15.18)
[    0.000000] Command line: BOOT_IMAGE=/boot/vmlinuz-4.15.0-213-generic root=UUID=f685bb41-0e3b-40c4-89c1-eea0f0583525 ro console=tty1 console=ttyS0
[    0.000000] KERNEL supported cpus:
[    0.000000]   Intel GenuineIntel
[    0.000000]   AMD AuthenticAMD
[    0.000000]   Centaur CentaurHauls
[    0.000000] x86/fpu: Supporting XSAVE feature 0x001: 'x87 floating point registers'
[    0.000000] x86/fpu: Supporting XSAVE feature 0x002: 'SSE registers'
[    0.000000] x86/fpu: Supporting XSAVE feature 0x004: 'AVX registers'
[    0.000000] x86/fpu: xstate_offset[2]:  576, xstate_sizes[2]:  256
[    0.000000] x86/fpu: Enabled xstate features 0x7, context size is 832 bytes, using 'standard' format.
[    0.000000] e820: BIOS-provided physical RAM map:
[    0.000000] BIOS-e820: [mem 0x0000000000000000-0x000000000009fbff] usable
[    0.000000] BIOS-e820: [mem 0x000000000009fc00-0x000000000009ffff] reserved
[    0.000000] BIOS-e820: [mem 0x00000000000f0000-0x00000000000fffff] reserved
[    0.000000] BIOS-e820: [mem 0x0000000000100000-0x000000003ffeffff] usable
[    0.000000] BIOS-e820: [mem 0x000000003fff0000-0x000000003fffffff] ACPI data
[    0.000000] BIOS-e820: [mem 0x00000000fec00000-0x00000000fec00fff] reserved
[    0.000000] BIOS-e820: [mem 0x00000000fee00000-0x00000000fee00fff] reserved
[    0.000000] BIOS-e820: [mem 0x00000000fffc0000-0x00000000ffffffff] reserved
[    0.000000] NX (Execute Disable) protection: active
[    0.000000] SMBIOS 2.5 present.
[    0.000000] DMI: innotek GmbH VirtualBox/VirtualBox, BIOS VirtualBox 12/01/2006
[    0.000000] Hypervisor detected: KVM
[    0.000000] e820: last_pfn = 0x3fff0 max_arch_pfn = 0x400000000
[    0.000000] MTRR: Disabled
[    0.000000] x86/PAT: MTRRs disabled, skipping PAT initialization too.
[    0.000000] CPU MTRRs all blank - virtualized system.
[    0.000000] x86/PAT: Configuration [0-7]: WB  WT  UC- UC  WB  WT  UC- UC  
[    0.000000] found SMP MP-table at [mem 0x0009fff0-0x0009ffff]
[    0.000000] Scanning 1 areas for low memory corruption
[    0.000000] RAMDISK: [mem 0x35819000-0x36c03fff]
[    0.000000] ACPI: Early table checksum verification disabled
[    0.000000] ACPI: RSDP 0x00000000000E0000 000024 (v02 VBOX  )
[    0.000000] ACPI: XSDT 0x000000003FFF0030 00003C (v01 VBOX   VBOXXSDT 00000001 ASL  00000061)
[    0.000000] ACPI: FACP 0x000000003FFF00F0 0000F4 (v04 VBOX   VBOXFACP 00000001 ASL  00000061)
[    0.000000] ACPI: DSDT 0x000000003FFF0610 002353 (v02 VBOX   VBOXBIOS 00000002 INTL 20100528)
[    0.000000] ACPI: FACS 0x000000003FFF0200 000040
[    0.000000] ACPI: FACS 0x000000003FFF0200 000040
[    0.000000] ACPI: APIC 0x000000003FFF0240 00005C (v02 VBOX   VBOXAPIC 00000001 ASL  00000061)
[    0.000000] ACPI: SSDT 0x000000003FFF02A0 00036C (v01 VBOX   VBOXCPUT 00000002 INTL 20100528)
[    0.000000] ACPI: Reserving FACP table memory at [mem 0x3fff00f0-0x3fff01e3]
[    0.000000] ACPI: Reserving DSDT table memory at [mem 0x3fff0610-0x3fff2962]
[    0.000000] ACPI: Reserving FACS table memory at [mem 0x3fff0200-0x3fff023f]
[    0.000000] ACPI: Reserving FACS table memory at [mem 0x3fff0200-0x3fff023f]
[    0.000000] ACPI: Reserving APIC table memory at [mem 0x3fff0240-0x3fff029b]
[    0.000000] ACPI: Reserving SSDT table memory at [mem 0x3fff02a0-0x3fff060b]
[    0.000000] No NUMA configuration found
[    0.000000] Faking a node at [mem 0x0000000000000000-0x000000003ffeffff]
[    0.000000] NODE_DATA(0) allocated [mem 0x3ffc5000-0x3ffeffff]
[    0.000000] kvm-clock: cpu 0, msr 0:3ff44001, primary cpu clock
[    0.000000] kvm-clock: Using msrs 4b564d01 and 4b564d00
[    0.000000] kvm-clock: using sched offset of 3407191606 cycles
[    0.000000] clocksource: kvm-clock: mask: 0xffffffffffffffff max_cycles: 0x1cd42e4dffb, max_idle_ns: 881590591483 ns
[    0.000000] Zone ranges:
[    0.000000]   DMA      [mem 0x0000000000001000-0x0000000000ffffff]
[    0.000000]   DMA32    [mem 0x0000000001000000-0x000000003ffeffff]
[    0.000000]   Normal   empty
[    0.000000]   Device   empty
[    0.000000] Movable zone start for each node
[    0.000000] Early memory node ranges
[    0.000000]   node   0: [mem 0x0000000000001000-0x000000000009efff]
[    0.000000]   node   0: [mem 0x0000000000100000-0x000000003ffeffff]
[    0.000000] Reserved but unavailable: 104 pages
[    0.000000] Initmem setup node 0 [mem 0x0000000000001000-0x000000003ffeffff]
[    0.000000] ACPI: PM-Timer IO Port: 0x4008
[    0.000000] IOAPIC[0]: apic_id 2, version 32, address 0xfec00000, GSI 0-23
[    0.000000] ACPI: INT_SRC_OVR (bus 0 bus_irq 0 global_irq 2 dfl dfl)
[    0.000000] ACPI: INT_SRC_OVR (bus 0 bus_irq 9 global_irq 9 low level)
[    0.000000] Using ACPI (MADT) for SMP configuration information
[    0.000000] smpboot: Allowing 2 CPUs, 0 hotplug CPUs
[    0.000000] PM: Registered nosave memory: [mem 0x00000000-0x00000fff]
[    0.000000] PM: Registered nosave memory: [mem 0x0009f000-0x0009ffff]
[    0.000000] PM: Registered nosave memory: [mem 0x000a0000-0x000effff]
[    0.000000] PM: Registered nosave memory: [mem 0x000f0000-0x000fffff]
[    0.000000] e820: [mem 0x40000000-0xfebfffff] available for PCI devices
[    0.000000] Booting paravirtualized kernel on KVM
[    0.000000] clocksource: refined-jiffies: mask: 0xffffffff max_cycles: 0xffffffff, max_idle_ns: 7645519600211568 ns
[    0.000000] setup_percpu: NR_CPUS:8192 nr_cpumask_bits:2 nr_cpu_ids:2 nr_node_ids:1
[    0.000000] percpu: Embedded 50 pages/cpu s167936 r8192 d28672 u1048576
[    0.000000] PV qspinlock hash table entries: 256 (order: 0, 4096 bytes)
[    0.000000] Built 1 zonelists, mobility grouping on.  Total pages: 257913
[    0.000000] Policy zone: DMA32
[    0.000000] Kernel command line: BOOT_IMAGE=/boot/vmlinuz-4.15.0-213-generic root=UUID=f685bb41-0e3b-40c4-89c1-eea0f0583525 ro console=tty1 console=ttyS0
[    0.000000] Memory: 981776K/1048120K available (12300K kernel code, 2477K rwdata, 4324K rodata, 2480K init, 2720K bss, 66344K reserved, 0K cma-reserved)
[    0.000000] SLUB: HWalign=64, Order=0-3, MinObjects=0, CPUs=2, Nodes=1
[    0.000000] ftrace: allocating 39508 entries in 155 pages
[    0.004000] Hierarchical RCU implementation.
[    0.004000] 	RCU restricting CPUs from NR_CPUS=8192 to nr_cpu_ids=2.
[    0.004000] 	Tasks RCU enabled.
[    0.004000] RCU: Adjusting geometry for rcu_fanout_leaf=16, nr_cpu_ids=2
[    0.004000] NR_IRQS: 524544, nr_irqs: 440, preallocated irqs: 16
[    0.004000] random: crng init done
[    0.004000] Console: colour VGA+ 80x25
[    0.004000] console [tty1] enabled
[    0.004000] console [ttyS0] enabled
[    0.004000] ACPI: Core revision 20170831
[    0.004000] ACPI: 2 ACPI AML tables successfully acquired and loaded
[    0.004000] APIC: Switch to symmetric I/O mode setup
[    0.004000] x2apic enabled
[    0.004000] Switched APIC routing to physical x2apic.
[    0.004000] ..TIMER: vector=0x30 apic1=0 pin1=2 apic2=-1 pin2=-1
[    0.004006] tsc: Detected 1190.399 MHz processor
[    0.004909] Calibrating delay loop (skipped) preset value.. 2380.79 BogoMIPS (lpj=4761596)
[    0.008004] pid_max: default: 32768 minimum: 301
[    0.009018] Security Framework initialized
[    0.009892] Yama: becoming mindful.
[    0.010660] AppArmor: AppArmor initialized
[    0.016016] Dentry cache hash table entries: 131072 (order: 8, 1048576 bytes)
[    0.017378] Inode-cache hash table entries: 65536 (order: 7, 524288 bytes)
[    0.018664] Mount-cache hash table entries: 2048 (order: 2, 16384 bytes)
[    0.020007] Mountpoint-cache hash table entries: 2048 (order: 2, 16384 bytes)
[    0.021632] Last level iTLB entries: 4KB 0, 2MB 0, 4MB 0
[    0.022645] Last level dTLB entries: 4KB 0, 2MB 0, 4MB 0, 1GB 0
[    0.024006] Spectre V1 : Mitigation: usercopy/swapgs barriers and __user pointer sanitization
[    0.025607] Spectre V2 : Mitigation: Retpolines
[    0.026519] Spectre V2 : Spectre v2 / SpectreRSB mitigation: Filling RSB on context switch
[    0.028002] Spectre V2 : Spectre v2 / SpectreRSB : Filling RSB on VMEXIT
[    0.029262] RETBleed: WARNING: Spectre v2 mitigation leaves CPU vulnerable to RETBleed attacks, data leaks possible!
[    0.031198] RETBleed: Vulnerable
[    0.032002] Speculative Store Bypass: Vulnerable
[    0.032941] MMIO Stale Data: Mitigation: Clear CPU buffers
[    0.033986] SRBDS: Unknown: Dependent on hypervisor status
[    0.035221] Freeing SMP alternatives memory: 36K
[    0.146062] smpboot: CPU0: Intel(R) Core(TM) i5-1035G1 CPU @ 1.00GHz (family: 0x6, model: 0x7e, stepping: 0x5)
[    0.148000] Performance Events: unsupported p6 CPU model 126 no PMU driver, software events only.
[    0.148048] Hierarchical SRCU implementation.
[    0.149746] NMI watchdog: Perf event create on CPU 0 failed with -2
[    0.152002] NMI watchdog: Perf NMI watchdog permanently disabled
[    0.153357] smp: Bringing up secondary CPUs ...
[    0.154456] x86: Booting SMP configuration:
[    0.155349] .... node  #0, CPUs:      #1
[    0.004000] kvm-clock: cpu 1, msr 0:3ff44041, secondary cpu clock
[    0.160030] smp: Brought up 1 node, 2 CPUs
[    0.161509] smpboot: Max logical packages: 1
[    0.162823] smpboot: Total of 2 processors activated (4761.59 BogoMIPS)
[    0.164185] devtmpfs: initialized
[    0.165320] x86/mm: Memory block size: 128MB
[    0.167134] evm: security.selinux
[    0.168004] evm: security.SMACK64
[    0.168547] evm: security.SMACK64EXEC
[    0.169135] evm: security.SMACK64TRANSMUTE
[    0.169924] evm: security.SMACK64MMAP
[    0.172005] evm: security.apparmor
[    0.172829] evm: security.ima
[    0.173587] evm: security.capability
[    0.174193] clocksource: jiffies: mask: 0xffffffff max_cycles: 0xffffffff, max_idle_ns: 7645041785100000 ns
[    0.176010] futex hash table entries: 512 (order: 3, 32768 bytes)
[    0.177075] pinctrl core: initialized pinctrl subsystem
[    0.180099] RTC time: 13:52:32, date: 08/25/23
[    0.180938] NET: Registered protocol family 16
[    0.181684] audit: initializing netlink subsys (disabled)
[    0.184032] audit: type=2000 audit(1692971557.390:1): state=initialized audit_enabled=0 res=1
[    0.184165] cpuidle: using governor ladder
[    0.184694] cpuidle: using governor menu
[    0.185330] ACPI: bus type PCI registered
[    0.188009] acpiphp: ACPI Hot Plug PCI Controller Driver version: 0.5
[    0.189099] PCI: Using configuration type 1 for base access
[    0.190010] HugeTLB registered 2.00 MiB page size, pre-allocated 0 pages
[    0.192064] ACPI: Added _OSI(Module Device)
[    0.192777] ACPI: Added _OSI(Processor Device)
[    0.193477] ACPI: Added _OSI(3.0 _SCP Extensions)
[    0.194201] ACPI: Added _OSI(Processor Aggregator Device)
[    0.194999] ACPI: Added _OSI(Linux-Dell-Video)
[    0.196009] ACPI: Added _OSI(Linux-Lenovo-NV-HDMI-Audio)
[    0.196998] ACPI: Added _OSI(Linux-HPI-Hybrid-Graphics)
[    0.198082] ACPI: Executed 1 blocks of module-level executable AML code
[    0.201308] ACPI: Interpreter enabled
[    0.202040] ACPI: (supports S0 S5)
[    0.202747] ACPI: Using IOAPIC for interrupt routing
[    0.204285] PCI: Using host bridge windows from ACPI; if necessary, use "pci=nocrs" and report a bug
[    0.206172] ACPI: Enabled 2 GPEs in block 00 to 07
[    0.214004] ACPI: PCI Root Bridge [PCI0] (domain 0000 [bus 00-ff])
[    0.215199] acpi PNP0A03:00: _OSC: OS supports [ASPM ClockPM Segments MSI]
[    0.216561] acpi PNP0A03:00: _OSC: not requesting OS control; OS requires [ExtendedConfig ASPM ClockPM MSI]
[    0.218406] acpi PNP0A03:00: fail to add MMCONFIG information, can't access extended PCI configuration space under this bridge.
[    0.220435] PCI host bridge to bus 0000:00
[    0.221269] pci_bus 0000:00: root bus resource [io  0x0000-0x0cf7 window]
[    0.222541] pci_bus 0000:00: root bus resource [io  0x0d00-0xffff window]
[    0.224005] pci_bus 0000:00: root bus resource [mem 0x000a0000-0x000bffff window]
[    0.225446] pci_bus 0000:00: root bus resource [mem 0x40000000-0xfdffffff window]
[    0.228009] pci_bus 0000:00: root bus resource [bus 00-ff]
[    0.232329] pci 0000:00:01.1: legacy IDE quirk: reg 0x10: [io  0x01f0-0x01f7]
[    0.233704] pci 0000:00:01.1: legacy IDE quirk: reg 0x14: [io  0x03f6]
[    0.235037] pci 0000:00:01.1: legacy IDE quirk: reg 0x18: [io  0x0170-0x0177]
[    0.236003] pci 0000:00:01.1: legacy IDE quirk: reg 0x1c: [io  0x0376]
[    0.249881] pci 0000:00:07.0: quirk: [io  0x4000-0x403f] claimed by PIIX4 ACPI
[    0.251060] pci 0000:00:07.0: quirk: [io  0x4100-0x410f] claimed by PIIX4 SMB
[    0.260705] ACPI: PCI Interrupt Link [LNKA] (IRQs 5 9 10 *11)
[    0.261975] ACPI: PCI Interrupt Link [LNKB] (IRQs 5 9 *10 11)
[    0.262985] ACPI: PCI Interrupt Link [LNKC] (IRQs 5 *9 10 11)
[    0.264175] ACPI: PCI Interrupt Link [LNKD] (IRQs 5 9 10 *11)
[    0.266797] SCSI subsystem initialized
[    0.268088] pci 0000:00:02.0: vgaarb: setting as boot VGA device
[    0.269218] pci 0000:00:02.0: vgaarb: VGA device added: decodes=io+mem,owns=io+mem,locks=none
[    0.270783] pci 0000:00:02.0: vgaarb: bridge control possible
[    0.272012] vgaarb: loaded
[    0.272643] ACPI: bus type USB registered
[    0.273298] usbcore: registered new interface driver usbfs
[    0.274195] usbcore: registered new interface driver hub
[    0.275043] usbcore: registered new device driver usb
[    0.276082] EDAC MC: Ver: 3.0.0
[    0.276721] PCI: Using ACPI for IRQ routing
[    0.276897] NetLabel: Initializing
[    0.277464] NetLabel:  domain hash size = 128
[    0.278126] NetLabel:  protocols = UNLABELED CIPSOv4 CALIPSO
[    0.280028] NetLabel:  unlabeled traffic allowed by default
[    0.280904] clocksource: Switched to clocksource kvm-clock
[    0.298858] VFS: Disk quotas dquot_6.6.0
[    0.299710] VFS: Dquot-cache hash table entries: 512 (order 0, 4096 bytes)
[    0.300977] AppArmor: AppArmor Filesystem Enabled
[    0.301984] pnp: PnP ACPI init
[    0.303727] pnp: PnP ACPI: found 3 devices
[    0.312726] clocksource: acpi_pm: mask: 0xffffff max_cycles: 0xffffff, max_idle_ns: 2085701024 ns
[    0.314546] NET: Registered protocol family 2
[    0.315268] IP idents hash table entries: 16384 (order: 5, 131072 bytes)
[    0.319824] TCP established hash table entries: 8192 (order: 4, 65536 bytes)
[    0.321113] TCP bind hash table entries: 8192 (order: 5, 131072 bytes)
[    0.322153] TCP: Hash tables configured (established 8192 bind 8192)
[    0.323158] UDP hash table entries: 512 (order: 2, 16384 bytes)
[    0.324073] UDP-Lite hash table entries: 512 (order: 2, 16384 bytes)
[    0.325104] NET: Registered protocol family 1
[    0.326008] pci 0000:00:00.0: Limiting direct PCI/PCI transfers
[    0.326999] pci 0000:00:01.0: Activating ISA DMA hang workarounds
[    0.328188] pci 0000:00:02.0: Video device with shadowed ROM at [mem 0x000c0000-0x000dffff]
[    0.329576] Unpacking initramfs...
[    0.724328] Freeing initrd memory: 20396K
[    0.726086] clocksource: tsc: mask: 0xffffffffffffffff max_cycles: 0x1128ae0185e, max_idle_ns: 440795217955 ns
[    0.728209] platform rtc_cmos: registered platform RTC device (no PNP device found)
[    0.730216] Scanning for low memory corruption every 60 seconds
[    0.732065] Initialise system trusted keyrings
[    0.732867] Key type blacklist registered
[    0.733613] workingset: timestamp_bits=36 max_order=18 bucket_order=0
[    0.735428] zbud: loaded
[    0.736535] squashfs: version 4.0 (2009/01/31) Phillip Lougher
[    0.737693] fuse init (API version 7.26)
[    0.740364] Key type asymmetric registered
[    0.741112] Asymmetric key parser 'x509' registered
[    0.741996] Block layer SCSI generic (bsg) driver version 0.4 loaded (major 246)
[    0.743347] io scheduler noop registered
[    0.744094] io scheduler deadline registered
[    0.744967] io scheduler cfq registered (default)
[    0.746049] ACPI: AC Adapter [AC] (on-line)
[    0.746987] input: Power Button as /devices/LNXSYSTM:00/LNXPWRBN:00/input/input0
[    0.748731] ACPI: Power Button [PWRF]
[    0.749826] input: Sleep Button as /devices/LNXSYSTM:00/LNXSLPBN:00/input/input1
[    0.751302] ACPI: Sleep Button [SLPF]
[    0.753199] ACPI: Battery Slot [BAT0] (battery present)
[    0.754429] Serial: 8250/16550 driver, 32 ports, IRQ sharing enabled
[    0.776581] 00:02: ttyS0 at I/O 0x3f8 (irq = 4, base_baud = 115200) is a 16550A
[    0.780631] Linux agpgart interface v0.103
[    0.782566] loop: module loaded
[    0.783561] scsi host0: ata_piix
[    0.784427] scsi host1: ata_piix
[    0.785133] ata1: PATA max UDMA/33 cmd 0x1f0 ctl 0x3f6 bmdma 0xd000 irq 14
[    0.786337] ata2: PATA max UDMA/33 cmd 0x170 ctl 0x376 bmdma 0xd008 irq 15
[    0.787985] tun: Universal TUN/TAP device driver, 1.6
[    0.789484] PPP generic driver version 2.4.2
[    0.790300] ehci_hcd: USB 2.0 'Enhanced' Host Controller (EHCI) Driver
[    0.791298] ehci-pci: EHCI PCI platform driver
[    0.792164] ehci-platform: EHCI generic platform driver
[    0.793257] ohci_hcd: USB 1.1 'Open' Host Controller (OHCI) Driver
[    0.794471] ohci-pci: OHCI PCI platform driver
[    0.795375] ohci-platform: OHCI generic platform driver
[    0.796486] uhci_hcd: USB Universal Host Controller Interface driver
[    0.797734] i8042: PNP: PS/2 Controller [PNP0303:PS2K,PNP0f03:PS2M] at 0x60,0x64 irq 1,12
[    0.799831] serio: i8042 KBD port at 0x60,0x64 irq 1
[    0.800905] serio: i8042 AUX port at 0x60,0x64 irq 12
[    0.802167] mousedev: PS/2 mouse device common for all mice
[    0.803807] input: AT Translated Set 2 keyboard as /devices/platform/i8042/serio0/input/input2
[    0.805192] rtc_cmos rtc_cmos: rtc core: registered rtc_cmos as rtc0
[    0.806378] rtc_cmos rtc_cmos: alarms up to one day, 114 bytes nvram
[    0.807392] i2c /dev entries driver
[    0.808000] device-mapper: uevent: version 1.0.3
[    0.808860] device-mapper: ioctl: 4.37.0-ioctl (2017-09-20) initialised: dm-devel@redhat.com
[    0.810227] ledtrig-cpu: registered to indicate activity on CPUs
[    0.811453] NET: Registered protocol family 10
[    0.815324] Segment Routing with IPv6
[    0.815992] NET: Registered protocol family 17
[    0.816760] Key type dns_resolver registered
[    0.817620] mce: Using 0 MCE banks
[    0.818215] RAS: Correctable Errors collector initialized.
[    0.819284] sched_clock: Marking stable (817597320, 0)->(999894102, -182296782)
[    0.821394] registered taskstats version 1
[    0.822815] Loading compiled-in X.509 certificates
[    0.825810] Loaded X.509 cert 'Build time autogenerated kernel key: cdc7189136aaa35407544516090e2034d9c28e14'
[    0.828484] Loaded X.509 cert 'Canonical Ltd. Live Patch Signing: 14df34d1a87cf37625abec039ef2bf521249b969'
[    0.831065] Loaded X.509 cert 'Canonical Ltd. Kernel Module Signing: 88f752e560a1e0737e31163a466ad7b70a850c19'
[    0.832972] blacklist: Loading compiled-in revocation X.509 certificates
[    0.834423] Loaded X.509 cert 'Canonical Ltd. Secure Boot Signing: 61482aa2830d0ab2ad5af10b7250da9033ddcef0'
[    0.836497] Loaded X.509 cert 'Canonical Ltd. Secure Boot Signing (2017): 242ade75ac4a15e50d50c84b0d45ff3eae707a03'
[    0.838556] Loaded X.509 cert 'Canonical Ltd. Secure Boot Signing (ESM 2018): 365188c1d374d6b07c3c8f240f8ef722433d6a8b'
[    0.840784] Loaded X.509 cert 'Canonical Ltd. Secure Boot Signing (2019): c0746fd6c5da3ae827864651ad66ae47fe24b3e8'
[    0.842987] Loaded X.509 cert 'Canonical Ltd. Secure Boot Signing (2021 v1): a8d54bbb3825cfb94fa13c9f8a594a195c107b8d'
[    0.845105] Loaded X.509 cert 'Canonical Ltd. Secure Boot Signing (2021 v2): 4cf046892d6fd3c9a5b03f98d845f90851dc6a8c'
[    0.847255] Loaded X.509 cert 'Canonical Ltd. Secure Boot Signing (2021 v3): 100437bb6de6e469b581e61cd66bce3ef4ed53af'
[    0.849403] Loaded X.509 cert 'Canonical Ltd. Secure Boot Signing (Ubuntu Core 2019): c1d57b8f6b743f23ee41f4f7ee292f06eecadfb9'
[    0.851733] zswap: loaded using pool lzo/zbud
[    0.856563] Key type big_key registered
[    0.857544] Key type trusted registered
[    0.859885] Key type encrypted registered
[    0.860683] AppArmor: AppArmor sha1 policy hashing enabled
[    0.861657] ima: No TPM chip found, activating TPM-bypass! (rc=-19)
[    0.862651] ima: Allocated hash algorithm: sha1
[    0.863452] evm: HMAC attrs: 0x1
[    0.864267]   Magic number: 3:609:888
[    0.865012] rtc_cmos rtc_cmos: setting system clock to 2023-08-25 13:52:33 UTC (1692971553)
[    0.866486] BIOS EDD facility v0.16 2004-Jun-25, 0 devices found
[    0.867738] EDD information not available.
[    0.992903] Freeing unused kernel image memory: 2480K
[    1.157806] Write protecting the kernel read-only data: 20480k
[    1.160187] Freeing unused kernel image memory: 2008K
[    1.163329] Freeing unused kernel image memory: 1820K
[    1.180353] x86/mm: Checked W+X mappings: passed, no W+X pages found.
Loading, please wait...
starting version 237
[    1.266498] Fusion MPT base driver 3.04.20
[    1.267921] Copyright (c) 1999-2008 LSI Corporation
[    1.277375] e1000: Intel(R) PRO/1000 Network Driver - version 7.3.21-k8-NAPI
[    1.278554] e1000: Copyright (c) 1999-2006 Intel Corporation.
[    1.283093] Fusion MPT SPI Host driver 3.04.20
[    1.298816] AVX2 version of gcm_enc/dec engaged.
[    1.300260] AES CTR mode by8 optimization enabled
[    1.486363] input: ImExPS/2 Generic Explorer Mouse as /devices/platform/i8042/serio1/input/input4
[    1.742063] e1000 0000:00:03.0 eth0: (PCI:33MHz:32-bit) 02:3b:7b:b7:3b:2d
[    1.743980] e1000 0000:00:03.0 eth0: Intel(R) PRO/1000 Network Connection
[    1.746236] mptbase: ioc0: Initiating bringup
[    1.746260] e1000 0000:00:03.0 enp0s3: renamed from eth0
[    1.856250] ioc0: LSI53C1030 A0: Capabilities={Initiator}
[    2.101892] scsi host2: ioc0: LSI53C1030 A0, FwRev=00000000h, Ports=1, MaxQ=256, IRQ=20
[    2.273432] scsi 2:0:0:0: Direct-Access     VBOX     HARDDISK         1.0  PQ: 0 ANSI: 5
[    2.304186] scsi target2:0:0: Beginning Domain Validation
[    2.310965] scsi target2:0:0: Domain Validation skipping write tests
[    2.311972] scsi target2:0:0: Ending Domain Validation
[    2.313300] scsi target2:0:0: asynchronous
[    2.315091] scsi 2:0:1:0: Direct-Access     VBOX     HARDDISK         1.0  PQ: 0 ANSI: 5
[    2.348625] scsi target2:0:1: Beginning Domain Validation
[    2.352150] scsi target2:0:1: Domain Validation skipping write tests
[    2.353444] scsi target2:0:1: Ending Domain Validation
[    2.354965] scsi target2:0:1: asynchronous
[    2.359404] sd 2:0:0:0: Attached scsi generic sg0 type 0
[    2.360489] sd 2:0:0:0: [sda] 83886080 512-byte logical blocks: (42.9 GB/40.0 GiB)
[    2.361839] sd 2:0:0:0: [sda] Write Protect is off
[    2.362873] sd 2:0:1:0: Attached scsi generic sg1 type 0
[    2.363873] sd 2:0:1:0: [sdb] 20480 512-byte logical blocks: (10.5 MB/10.0 MiB)
[    2.365295] sd 2:0:0:0: [sda] Incomplete mode parameter data
[    2.366420] sd 2:0:0:0: [sda] Assuming drive cache: write through
[    2.367603] sd 2:0:1:0: [sdb] Write Protect is off
[    2.368842] sd 2:0:1:0: [sdb] Incomplete mode parameter data
[    2.369934] sd 2:0:1:0: [sdb] Assuming drive cache: write through
[    2.371870]  sda: sda1
[    2.372919] sd 2:0:0:0: [sda] Attached SCSI disk
[    2.374235] sd 2:0:1:0: [sdb] Attached SCSI disk
Begin: Loading essential drivers ... [    4.020464] raid6: sse2x1   gen()  5668 MB/s
[    4.068771] raid6: sse2x1   xor()  4973 MB/s
[    4.116472] raid6: sse2x2   gen() 10297 MB/s
[    4.164246] raid6: sse2x2   xor() 10158 MB/s
[    4.212904] raid6: sse2x4   gen()  7655 MB/s
[    4.260594] raid6: sse2x4   xor()  4368 MB/s
[    4.308369] raid6: avx2x1   gen() 10147 MB/s
[    4.356020] raid6: avx2x1   xor() 10568 MB/s
[    4.404406] raid6: avx2x2   gen() 31485 MB/s
[    4.452459] raid6: avx2x2   xor() 20826 MB/s
[    4.500149] raid6: avx2x4   gen() 17424 MB/s
[    4.548874] raid6: avx2x4   xor() 17278 MB/s
[    4.550195] raid6: using algorithm avx2x2 gen() 31485 MB/s
[    4.551613] raid6: .... xor() 20826 MB/s, rmw enabled
[    4.552675] raid6: using avx2x2 recovery algorithm
[    4.555251] xor: automatically using best checksumming function   avx       
[    4.559315] async_tx: api initialized (async)
done.
Begin: Running /scripts/init-premount ... done.
Begin: Mounting root file system ... Begin: Running /scripts/local-top ... done.
Begin: Running /scripts/local-premount ... [    4.647386] Btrfs loaded, crc32c=crc32c-intel
Scanning for Btrfs filesystems
done.
Begin: Will now check root file system ... fsck from util-linux 2.31.1
[/sbin/fsck.ext4 (1) -- /dev/sda1] fsck.ext4 -a -C0 /dev/sda1 
cloudimg-rootfs: clean, 107656/5120000 files, 766038/10485499 blocks
done.
[    4.713008] EXT4-fs (sda1): mounted filesystem with ordered data mode. Opts: (null)
done.
Begin: Running /scripts/local-bottom ... done.
Begin: Running /scripts/init-bottom ... done.
[    4.931611] ip_tables: (C) 2000-2006 Netfilter Core Team
[    4.939965] systemd[1]: systemd 237 running in system mode. (+PAM +AUDIT +SELINUX +IMA +APPARMOR +SMACK +SYSVINIT +UTMP +LIBCRYPTSETUP +GCRYPT +GNUTLS +ACL +XZ +LZ4 +SECCOMP +BLKID +ELFUTILS +KMOD -IDN2 +IDN -PCRE2 default-hierarchy=hybrid)
[    4.943183] systemd[1]: Detected virtualization oracle.
[    4.944031] systemd[1]: Detected architecture x86-64.

Welcome to [1mUbuntu 18.04.6 LTS[0m!

[    4.950704] systemd[1]: Set hostname to <ubuntu-bionic>.
[    5.400732] systemd[1]: Reached target Mounting snaps.
[[0;32m  OK  [0m] Reached target Mounting snaps.
[    5.402217] systemd[1]: Reached target Mounted snaps.
[[0;32m  OK  [0m] Reached target Mounted snaps.
[    5.404820] systemd[1]: Created slice System Slice.
[[0;32m  OK  [0m] Created slice System Slice.
[    5.406221] systemd[1]: Listening on Syslog Socket.
[[0;32m  OK  [0m] Listening on Syslog Socket.
[    5.407577] systemd[1]: Listening on Network Service Netlink Socket.
[[0;32m  OK  [0m] Listening on Network Service Netlink Socket.
[    5.409205] systemd[1]: Listening on /dev/initctl Compatibility Named Pipe.
[[0;32m  OK  [0m] Listening on /dev/initctl Compatibility Named Pipe.
[[0;32m  OK  [0m] Listening on LVM2 poll daemon socket.
[[0;32m  OK  [0m] Created slice system-serial\x2dgetty.slice.
[[0;32m  OK  [0m] Listening on LVM2 metadata daemon socket.
[[0;32m  OK  [0m] Listening on udev Control Socket.
[[0;32m  OK  [0m] Started Forward Password Requests to Wall Directory Watch.
[[0;32m  OK  [0m] Listening on fsck to fsckd communication Socket.
[[0;32m  OK  [0m] Set up automount Arbitrary Executabâ€¦rmats File System Automount Point.
[[0;32m  OK  [0m] Created slice User and Session Slice.
[[0;32m  OK  [0m] Reached target Slices.
[[0;32m  OK  [0m] Listening on Device-mapper event daemon FIFOs.
[[0;32m  OK  [0m] Listening on Journal Audit Socket.
[[0;32m  OK  [0m] Listening on udev Kernel Socket.
[[0;32m  OK  [0m] Reached target User and Group Name Lookups.
[[0;32m  OK  [0m] Reached target System Time Synchronized.
[[0;32m  OK  [0m] Listening on Journal Socket (/dev/log).
[[0;32m  OK  [0m] Listening on Journal Socket.
         Starting Uncomplicated firewall...
         Starting Create list of required stâ€¦ce nodes for the current kernel...
         Starting Set the console keyboard layout...
         Starting Monitoring of LVM2 mirrorsâ€¦ng dmeventd or progress polling...
         Starting Remount Root and Kernel File Systems...
         Mounting POSIX Message Queue File System...
         Starting Journal Service...
         Mounting Huge Pages File System...
         Starting udev Coldplug all Devices...
         Starting Load Kernel Modules...
         Mounting Kernel Debug File System...
[[0;32m  OK  [0m] Reached target Swap.
[[0;32m  OK  [0m] Started Uncomplicated firewall.
[[0;32m  OK  [0m] Started Create list of required staâ€¦vice nodes for the current kernel.
[    5.534447] EXT4-fs (sda1): re-mounted. Opts: (null)
[[0;32m  OK  [0m] Mounted POSIX Message Queue File System.
[[0;32m  OK  [0m] Started Remount Root and Kernel File Systems.
[[0;32m  OK  [0m] Mounted Kernel Debug File System.
[[0;32m  OK  [0m] Mounted Huge Pages File System.
[[0;32m  OK  [0m] Started LVM2 metadata daemon.
         Starting Load/Save Random Seed...
         Starting Create Static Device Nodes in /dev...
[[0;32m  OK  [0m] Started Journal Service.
         Starting Flush Journal to Persistent Storage...
[    5.563575] Loading iSCSI transport class v2.0-870.
[    5.570763] iscsi: registered transport (tcp)
[[0;32m  OK  [0m] Started udev Coldplug all Devices.
[    5.587982] iscsi: registered transport (iser)
[[0;32m  OK  [0m] Started Load Kernel Modules.
         Starting Apply Kernel Variables...
         Mounting FUSE Control File System...
         Mounting Kernel Configuration File System...
[[0;32m  OK  [0m] Started Load/Save Random Seed.
[[0;32m  OK  [0m] Mounted FUSE Control File System.
[[0;32m  OK  [0m] Mounted Kernel Configuration File System.
[[0;32m  OK  [0m] Started Create Static Device Nodes in /dev.
         Starting udev Kernel Device Manager...
[    5.627356] systemd-journald[428]: Received request to flush runtime journal from PID 1
[[0;32m  OK  [0m] Started Monitoring of LVM2 mirrors,â€¦sing dmeventd or progress polling.
[[0;32m  OK  [0m] Started udev Kernel Device Manager.
[[0;32m  OK  [0m] Started Apply Kernel Variables.
[[0;32m  OK  [0m] Started Flush Journal to Persistent Storage.
[[0;32m  OK  [0m] Started Set the console keyboard layout.
[[0;32m  OK  [0m] Started Dispatch Password Requests to Console Directory Watch.
[[0;32m  OK  [0m] Reached target Local Encrypted Volumes.
[[0;32m  OK  [0m] Reached target Local File Systems (Pre).
[[0;32m  OK  [0m] Reached target Local File Systems.
         Starting AppArmor initialization...
         Starting Create Volatile Files and Directories...
         Starting Set console font and keymap...
         Starting ebtables ruleset management...
         Starting Tell Plymouth To Write Out Runtime Data...
[[0;32m  OK  [0m] Started Create Volatile Files and Directories.
         Starting Update UTMP about System Boot/Shutdown...
[[0;32m  OK  [0m] Started Set console font and keymap.
[[0;32m  OK  [0m] Started Tell Plymouth To Write Out Runtime Data.
[[0;32m  OK  [0m] Started Update UTMP about System Boot/Shutdown.
[[0;32m  OK  [0m] Started ebtables ruleset management.
[[0;32m  OK  [0m] Found device /dev/ttyS0.
[[0;32m  OK  [0m] Listening on Load/Save RF Kill Switch Status /dev/rfkill Watch.
[[0;32m  OK  [0m] Started AppArmor initialization.
         Mounting Arbitrary Executable File Formats File System...
         Starting Load AppArmor profiles managed internally by snapd...
         Starting Initial cloud-init job (pre-networking)...
[[0;32m  OK  [0m] Mounted Arbitrary Executable File Formats File System.
[[0;32m  OK  [0m] Started Load AppArmor profiles managed internally by snapd.
[    7.661451] cloud-init[586]: Cloud-init v. 23.1.2-0ubuntu0~18.04.1 running 'init-local' at Fri, 25 Aug 2023 13:52:40 +0000. Up 7.39 seconds.
[[0;32m  OK  [0m] Started Initial cloud-init job (pre-networking).
[[0;32m  OK  [0m] Reached target Network (Pre).
         Starting Network Service...
[[0;32m  OK  [0m] Started Network Service.
         Starting Network Name Resolution...
         Starting Wait for Network to be Configured...
[[0;32m  OK  [0m] Started Network Name Resolution.
[[0;32m  OK  [0m] Reached target Network.
[[0;32m  OK  [0m] Reached target Host and Network Name Lookups.
[[0;32m  OK  [0m] Started Wait for Network to be Configured.
         Starting Initial cloud-init job (metadata service crawler)...
[    9.985264] cloud-init[692]: Cloud-init v. 23.1.2-0ubuntu0~18.04.1 running 'init' at Fri, 25 Aug 2023 13:52:42 +0000. Up 9.76 seconds.
[    9.986530] cloud-init[692]: ci-info: ++++++++++++++++++++++++++++++++++++++Net device info++++++++++++++++++++++++++++++++++++++
[    9.996802] cloud-init[692]: ci-info: +--------+------+----------------------------+---------------+--------+-------------------+
[    9.998053] cloud-init[692]: ci-info: | Device |  Up  |          Address           |      Mask     | Scope  |     Hw-Address    |
[    9.999349] cloud-init[692]: ci-info: +--------+------+----------------------------+---------------+--------+-------------------+
[   10.000703] cloud-init[692]: ci-info: | enp0s3 | True |         10.0.2.15          | 255.255.255.0 | global | 02:3b:7b:b7:3b:2d |
[   10.002032] cloud-init[692]: ci-info: | enp0s3 | True | fe80::3b:7bff:feb7:3b2d/64 |       .       |  link  | 02:3b:7b:b7:3b:2d |
[   10.003265] cloud-init[692]: ci-info: |   lo   | True |         127.0.0.1          |   255.0.0.0   |  host  |         .         |
[   10.004649] cloud-init[692]: ci-info: |   lo   | True |          ::1/128           |       .       |  host  |         .         |
[   10.006051] cloud-init[692]: ci-info: +--------+------+----------------------------+---------------+--------+-------------------+
[   10.007414] cloud-init[692]: ci-info: ++++++++++++++++++++++++++++Route IPv4 info+++++++++++++++++++++++++++++
[   10.008656] cloud-init[692]: ci-info: +-------+-------------+----------+-----------------+-----------+-------+
[   10.009835] cloud-init[692]: ci-info: | Route | Destination | Gateway  |     Genmask     | Interface | Flags |
[   10.011033] cloud-init[692]: ci-info: +-------+-------------+----------+-----------------+-----------+-------+
[   10.012274] cloud-init[692]: ci-info: |   0   |   0.0.0.0   | 10.0.2.2 |     0.0.0.0     |   enp0s3  |   UG  |
[   10.013449] cloud-init[692]: ci-info: |   1   |   10.0.2.0  | 0.0.0.0  |  255.255.255.0  |   enp0s3  |   U   |
[   10.014633] cloud-init[692]: ci-info: |   2   |   10.0.2.2  | 0.0.0.0  | 255.255.255.255 |   enp0s3  |   UH  |
[   10.015862] cloud-init[692]: ci-info: +-------+-------------+----------+-----------------+-----------+-------+
[   10.028275] cloud-init[692]: ci-info: +++++++++++++++++++Route IPv6 info+++++++++++++++++++
[   10.044192] cloud-init[692]: ci-info: +-------+-------------+---------+-----------+-------+
[   10.045244] cloud-init[692]: ci-info: | Route | Destination | Gateway | Interface | Flags |
[   10.047378] cloud-init[692]: ci-info: +-------+-------------+---------+-----------+-------+
[   10.049835] cloud-init[692]: ci-info: |   1   |  fe80::/64  |    ::   |   enp0s3  |   U   |
[   10.051657] cloud-init[692]: ci-info: |   3   |    local    |    ::   |   enp0s3  |   U   |
[   10.054835] cloud-init[692]: ci-info: |   4   |   ff00::/8  |    ::   |   enp0s3  |   U   |
[   10.056965] cloud-init[692]: ci-info: +-------+-------------+---------+-----------+-------+
[[0;32m  OK  [0m] Started Initial cloud-init job (metadata service crawler).
[[0;32m  OK  [0m] Reached target System Initialization.
[[0;32m  OK  [0m] Listening on UUID daemon activation socket.
[[0;32m  OK  [0m] Started ACPI Events Check.
[[0;32m  OK  [0m] Listening on D-Bus System Message Bus Socket.
[[0;32m  OK  [0m] Started Ubuntu Advantage Timer for running repeated jobs.
[[0;32m  OK  [0m] Started Discard unused blocks once a week.
         Starting LXD - unix socket.
[[0;32m  OK  [0m] Started Message of the Day.
[[0;32m  OK  [0m] Reached target Paths.
[[0;32m  OK  [0m] Listening on Open-iSCSI iscsid Socket.
[[0;32m  OK  [0m] Started Daily apt upgrade and clean activities.
[[0;32m  OK  [0m] Listening on cloud-init hotplug hook socket.
[[0;32m  OK  [0m] Listening on ACPID Listen Socket.
         Starting Socket activation for snappy daemon.
[[0;32m  OK  [0m] Started Daily Cleanup of Temporary Directories.
[[0;32m  OK  [0m] Reached target Timers.
[[0;32m  OK  [0m] Reached target Cloud-config availability.
[[0;32m  OK  [0m] Reached target Network is Online.
[[0;32m  OK  [0m] Reached target Remote File Systems (Pre).
         Starting Availability of block devices...
         Mounting /vagrant...
[[0;32m  OK  [0m] Listening on LXD - unix socket.
[[0;32m  OK  [0m] Listening on Socket activation for snappy daemon.
[[0;32m  OK  [0m] Started Availability of block devices.
[[0;32m  OK  [0m] Reached target Sockets.
[[0;32m  OK  [0m] Reached target Basic System.
         Starting Login Service...
[[0;32m  OK  [0m] Reached target Login Prompts (Pre).
[[0;32m  OK  [0m] Started irqbalance daemon.
[[0;32m  OK  [0m] Started FUSE filesystem for LXC.
         Starting Snap Daemon...
[[0;32m  OK  [0m] Started Regular background program processing daemon.
[[0;32m  OK  [0m] Started D-Bus System Message Bus.
[[0;32m  OK  [0m] Started Login Service.
[[0;32m  OK  [0m] Started Unattended Upgrades Shutdown.
[[0;32m  OK  [0m] Started Deferred execution scheduler.
         Starting System Logging Service...
         Starting Dispatcher daemon for systemd-networkd...
         Starting Accounts Service...
         Starting Virtualbox guest utils...
         Starting LSB: Record successful boot for GRUB...
         Starting OpenBSD Secure Shell server...
         Starting LXD - container startup/shutdown...
[[0;32m  OK  [0m] Started System Logging Service.
[[0;32m  OK  [0m] Mounted /vagrant.
[[0;32m  OK  [0m] Reached target Remote File Systems.
         Starting LSB: automatic crash report generation...
         Starting Permit User Sessions...
[[0;32m  OK  [0m] Started Permit User Sessions.
         Starting Hold until boot process finishes up...
         Starting Terminate Plymouth Boot Screen...
         Starting Authorization Manager...
[[0;32m  OK  [0m] Started Hold until boot process finishes up.
[[0;32m  OK  [0m] Started Terminate Plymouth Boot Screen.
         Starting Set console scheme...
[[0;32m  OK  [0m] Started Serial Getty on ttyS0.
[[0;32m  OK  [0m] Started OpenBSD Secure Shell server.
[[0;32m  OK  [0m] Started Set console scheme.
[[0;32m  OK  [0m] Created slice system-getty.slice.
[[0;32m  OK  [0m] Started Getty on tty1.
[[0;32m  OK  [0m] Reached target Login Prompts.
[[0;32m  OK  [0m] Started Authorization Manager.
[[0;32m  OK  [0m] Started Accounts Service.
[[0;32m  OK  [0m] Started LSB: automatic crash report generation.
[[0;32m  OK  [0m] Started Virtualbox guest utils.
[[0;32m  OK  [0m] Started LSB: Record successful boot for GRUB.
[[0;32m  OK  [0m] Started LXD - container startup/shutdown.
[[0;32m  OK  [0m] Started Dispatcher daemon for systemd-networkd.
[[0;32m  OK  [0m] Started Snap Daemon.
         Starting Time & Date Service...
         Starting Wait until snapd is fully seeded...
[[0;32m  OK  [0m] Started Time & Date Service.
[[0;32m  OK  [0m] Started Wait until snapd is fully seeded.
         Starting Apply the settings specified in cloud-config...
[   12.086434] cloud-init[1122]: Cloud-init v. 23.1.2-0ubuntu0~18.04.1 running 'modules:config' at Fri, 25 Aug 2023 13:52:44 +0000. Up 11.93 seconds.
[[0;32m  OK  [0m] Started Apply the settings specified in cloud-config.
[[0;32m  OK  [0m] Reached target Multi-User System.
         Starting Execute cloud user/final scripts...
[[0;32m  OK  [0m] Reached target Graphical Interface.
         Starting Update UTMP about System Runlevel Changes...
[[0;32m  OK  [0m] Created slice User Slice of vagrant.
[[0;32m  OK  [0m] Started Session 1 of user vagrant.
         Starting User Manager for UID 1000...
[[0;32m  OK  [0m] Started Update UTMP about System Runlevel Changes.
[[0;32m  OK  [0m] Started User Manager for UID 1000.
[   13.115089] cloud-init[1175]: Cloud-init v. 23.1.2-0ubuntu0~18.04.1 running 'modules:final' at Fri, 25 Aug 2023 13:52:45 +0000. Up 12.84 seconds.
[   13.128928] cloud-init[1175]: Cloud-init v. 23.1.2-0ubuntu0~18.04.1 finished at Fri, 25 Aug 2023 13:52:45 +0000. Datasource DataSourceNoCloud [seed=/dev/sdb][dsmode=net].  Up 13.08 seconds
[[0;32m  OK  [0m] Started Execute cloud user/final scripts.
[[0;32m  OK  [0m] Reached target Cloud-init target.

Ubuntu 18.04.6 LTS ubuntu-bionic ttyS0

ubuntu-bionic login: 